// Jest Snapshot v1, https://goo.gl/fbAQLP

exports[`WinScreen snapshot testing WinScreen rendering correctly with 1 mistake 1`] = `
<section
  className="result"
>
  <div
    className="result__logo"
  >
    <img
      alt="Угадай мелодию"
      height="83"
      src="img/melody-logo.png"
      width="186"
    />
  </div>
  <h2
    className="result__title"
  >
    Вы настоящий меломан!
  </h2>
  <p
    className="result__total"
  >
    Правильных ответов: 
    2
    . Количество ошибок: 
    1
  </p>
  <a
    className="replay"
    href="/"
    onClick={[Function]}
  >
    Сыграть ещё раз
  </a>
</section>
`;

exports[`WinScreen snapshot testing WinScreen rendering correctly with 3 questions 1`] = `
<section
  className="result"
>
  <div
    className="result__logo"
  >
    <img
      alt="Угадай мелодию"
      height="83"
      src="img/melody-logo.png"
      width="186"
    />
  </div>
  <h2
    className="result__title"
  >
    Вы настоящий меломан!
  </h2>
  <p
    className="result__total"
  >
    Правильных ответов: 
    0
    . Количество ошибок: 
    3
  </p>
  <a
    className="replay"
    href="/"
    onClick={[Function]}
  >
    Сыграть ещё раз
  </a>
</section>
`;

exports[`WinScreen snapshot testing With 2 questions With 0 mistake 1`] = `
<section
  className="result"
>
  <div
    className="result__logo"
  >
    <img
      alt="Угадай мелодию"
      height="83"
      src="img/melody-logo.png"
      width="186"
    />
  </div>
  <h2
    className="result__title"
  >
    Вы настоящий меломан!
  </h2>
  <p
    className="result__total"
  >
    Правильных ответов: 
    2
    . Количество ошибок: 
    0
  </p>
  <a
    className="replay"
    href="/"
    onClick={[Function]}
  >
    Сыграть ещё раз
  </a>
</section>
`;

exports[`WinScreen snapshot testing With 2 questions With 1 mistake 1`] = `
<section
  className="result"
>
  <div
    className="result__logo"
  >
    <img
      alt="Угадай мелодию"
      height="83"
      src="img/melody-logo.png"
      width="186"
    />
  </div>
  <h2
    className="result__title"
  >
    Вы настоящий меломан!
  </h2>
  <p
    className="result__total"
  >
    Правильных ответов: 
    1
    . Количество ошибок: 
    1
  </p>
  <a
    className="replay"
    href="/"
    onClick={[Function]}
  >
    Сыграть ещё раз
  </a>
</section>
`;
